// Bun Snapshot v1, https://bun.sh/docs/test/snapshots

exports[`PrimitiveDispatcher — lookup dispatches point subtype to PointCard 1`] = `
"╭──────────────────────────────────────────────────────────────────────────────────────────────────╮
│ Gangnam-gu Intersection Hazard Zone                                                              │
│ Seoul Metropolitan City                                                                          │
│                                                                                                  │
│ Hazard Level: HIGH                                                                               │
│ Road Type: Urban Expressway                                                                      │
│ Accident Count (2025): 42                                                                        │
│ Speed Limit: 60 km/h                                                                             │
╰──────────────────────────────────────────────────────────────────────────────────────────────────╯"
`;

exports[`PrimitiveDispatcher — lookup dispatches timeseries subtype to TimeseriesTable 1`] = `
"┌──────────────────────────────────────────────────────────────────────────────────────────────────┐
│ Timestamp               Value (°C)                                                               │
│ 2026-04-19T00:00:00Z    12.3                                                                     │
│ 2026-04-19T03:00:00Z    11.1                                                                     │
│ 2026-04-19T06:00:00Z    10.4                                                                     │
│ 2026-04-19T09:00:00Z    14.7                                                                     │
│ 2026-04-19T12:00:00Z    18.2                                                                     │
│ 2026-04-19T15:00:00Z    19.5                                                                     │
│ 2026-04-19T18:00:00Z    17.3                                                                     │
│ 2026-04-19T21:00:00Z    14.8                                                                     │
└──────────────────────────────────────────────────────────────────────────────────────────────────┘"
`;

exports[`PrimitiveDispatcher — lookup dispatches collection subtype to CollectionList 1`] = `
"   1. Seoul National University Hospital General Hospital · 02-2072-2114
   2. Severance Hospital General Hospital · 02-2228-0114
   3. Asan Medical Center General Hospital · 02-3010-3114
   4. Samsung Medical Center General Hospital · 02-3410-0200
   5. Kangbuk Samsung Hospital General Hospital · 02-2001-2001"
`;

exports[`PrimitiveDispatcher — lookup dispatches detail subtype to DetailView 1`] = `
"┌──────────────────────────────────────────────────────────────────────────────────────────────────┐
│ Hospital Name          Seoul Emergency Medical Center                                            │
│ Emergency Level        Level 1 (Regional)                                                        │
│ Address                110, Sejong-daero, Jung-gu, Seoul                                         │
│ Phone                  02-1339                                                                   │
│ Bed Availability       8 beds available                                                          │
│ Wait Time              ~15 minutes                                                               │
│ Open Hours             24/7                                                                      │
└──────────────────────────────────────────────────────────────────────────────────────────────────┘"
`;

exports[`PrimitiveDispatcher — lookup dispatches error subtype to ErrorBanner 1`] = `
"╭──────────────────────────────────────────────────────────────────────────────────────────────────╮
│ ✘ Search Failed                                                                                  │
│ The data.go.kr endpoint returned HTTP 503 (Service Unavailable).                                 │
│ Hint: Try again in 30 seconds. The API is rate-limited to 1000 req/day.                          │
╰──────────────────────────────────────────────────────────────────────────────────────────────────╯"
`;

exports[`PrimitiveDispatcher — resolve_location dispatches coords slot to CoordPill 1`] = `"[GPS] 37.566826°N / 126.978656°E"`;

exports[`PrimitiveDispatcher — resolve_location dispatches adm_cd slot to AdmCodeBadge 1`] = `"[ADM] 1168010600 서울특별시 강남구 대치2동"`;

exports[`PrimitiveDispatcher — resolve_location dispatches address slot to AddressBlock 1`] = `
" [Address]
 Road 서울특별시 강남구 테헤란로 152
 Parcel 서울특별시 강남구 역삼동 649
 Detail 강남파이낸스센터 10층
 ZIP 06236"
`;

exports[`PrimitiveDispatcher — resolve_location dispatches poi slot to POIMarker 1`] = `
" ● 강남역
 Category: 지하철역
 Source: kakao_local"
`;

exports[`PrimitiveDispatcher — submit dispatches ok=true to SubmitReceipt 1`] = `
"╭──────────────────────────────────────────────────────────────────────────────────────────────────╮
│ ✔ Submitted [MOCK: tee_bound]                                                                    │
│ ID MWON-2026-0419-00001234                                                                       │
│ Time 2026-04-19T00:00:00.000Z                                                                    │
│ Family submit_application                                                                        │
│ Application for civil registration certificate submitted successfully. Expected processing time: │
│ 3 business days.                                                                                 │
╰──────────────────────────────────────────────────────────────────────────────────────────────────╯"
`;

exports[`PrimitiveDispatcher — submit dispatches ok=false to SubmitErrorBanner 1`] = `
"╭──────────────────────────────────────────────────────────────────────────────────────────────────╮
│ ✘ Submit failed [AUTH_REQUIRED]                                                                  │
│ This application requires authenticated identity verification (AAL2+). Please complete PASS or   │
│ GongdongInjeungseo verification first.                                                           │
│ Retry: Use /verify to authenticate, then retry the submission.                                   │
╰──────────────────────────────────────────────────────────────────────────────────────────────────╯"
`;

exports[`PrimitiveDispatcher — verify dispatches ok=true to AuthContextCard 1`] = `
"╭──────────────────────────────────────────────────────────────────────────────────────────────────╮
│ ✔ Verified                                                                                       │
│ Identity 홍길동 (주민등록번호 끝 2자리: 84)                                                      │
│ Level AAL2                                                                                       │
│ NIST NIST SP 800-63B AAL2                                                                        │
│ Family digital_onepass                                                                           │
╰──────────────────────────────────────────────────────────────────────────────────────────────────╯"
`;

exports[`PrimitiveDispatcher — verify dispatches ok=false to AuthWarningBanner 1`] = `
"╭──────────────────────────────────────────────────────────────────────────────────────────────────╮
│ ✘ Verification failed [CERT_EXPIRED]                                                             │
│ Level AAL1                                                                                       │
│ The presented certificate has expired. Verification cannot be completed.                         │
│ Action: Renew your GongdongInjeungseo at the nearest community service center or online at       │
│ gov.kr.                                                                                          │
╰──────────────────────────────────────────────────────────────────────────────────────────────────╯"
`;

exports[`PrimitiveDispatcher — unknown kind renders UnrecognizedPayload for unknown kind 1`] = `
"╭──────────────────────────────────────────────────────────────────────────────────────────────────╮
│ ⚠ Unrecognized tool result                                                                       │
│ Kind: telepath                                                                                   │
│ This renderer cannot display this payload. Please report the tool_id.                            │
╰──────────────────────────────────────────────────────────────────────────────────────────────────╯"
`;

exports[`PrimitiveDispatcher — unknown kind renders UnrecognizedPayload for missing kind 1`] = `
"╭──────────────────────────────────────────────────────────────────────────────────────────────────╮
│ ⚠ Unrecognized tool result                                                                       │
│ Kind: (unknown)                                                                                  │
│ This renderer cannot display this payload. Please report the tool_id.                            │
╰──────────────────────────────────────────────────────────────────────────────────────────────────╯"
`;
